
R version 3.2.3 (2015-12-10) -- "Wooden Christmas-Tree"
Copyright (C) 2015 The R Foundation for Statistical Computing
Platform: x86_64-w64-mingw32/x64 (64-bit)

R is free software and comes with ABSOLUTELY NO WARRANTY.
You are welcome to redistribute it under certain conditions.
Type 'license()' or 'licence()' for distribution details.

  Natural language support but running in an English locale

R is a collaborative project with many contributors.
Type 'contributors()' for more information and
'citation()' on how to cite R or R packages in publications.

Type 'demo()' for some demos, 'help()' for on-line help, or
'help.start()' for an HTML browser interface to help.
Type 'q()' to quit R.

> AIT=read.csv(AIT.csv)
Error in read.table(file = file, header = header, sep = sep, quote = quote,  : 
  object 'AIT.csv' not found
> AIT=read.csv("AIT.csv")
> getwd()
[1] "C:/Users/Antony/Documents"
> str
function (object, ...) 
UseMethod("str")
<bytecode: 0x000000000f8e1270>
<environment: namespace:utils>
> str(AIT)
'data.frame':   9 obs. of  5 variables:
 $ Region            : Factor w/ 3 levels "AB","BC","SK": 2 1 3 2 1 3 2 1 3
 $ Field             : Factor w/ 3 levels "Alcohol","Energy",..: 2 2 2 3 3 3 1 1 1
 $ Non.discrimination: int  1 NA 1 NA 1 NA 1 1 NA
 $ Enrtry.Barriers   : int  NA 1 NA NA NA 1 1 NA 1
 $ Comments          : Factor w/ 3 levels "","blah","blah blah": 2 1 1 2 1 3 1 3 1
> BC<-subset(AIT, Region=="BC")
> AIT$BC
NULL
> AIT$Region
[1] BC AB SK BC AB SK BC AB SK
Levels: AB BC SK
> BC$Field
[1] Energy   Forestry Alcohol 
Levels: Alcohol Energy Forestry
> BC$Non.discrimination
[1]  1 NA  1
> BC
  Region    Field Non.discrimination Enrtry.Barriers Comments
1     BC   Energy                  1              NA     blah
4     BC Forestry                 NA              NA     blah
7     BC  Alcohol                  1               1         
> tapply(BC, Field, sum)
Error in tapply(BC, Field, sum) : object 'Field' not found
> tapply(BC, Field, mean)
Error in tapply(BC, Field, mean) : object 'Field' not found
> tapply(AIT$Non.discrimination, Region, sum)
Error in tapply(AIT$Non.discrimination, Region, sum) : 
  object 'Region' not found
> tapply(AIT$Non.discrimination, Region, mean)
Error in tapply(AIT$Non.discrimination, Region, mean) : 
  object 'Region' not found
> tapply(AIT$Non.discrimination, AIT$Region, mean)
AB BC SK 
NA NA NA 
> tapply(AIT$Non.discrimination, AIT$Region, mean, na..rm=T)
AB BC SK 
NA NA NA 
> tapply(AIT$Non.discrimination, AIT$Region, mean, na.rm=T)
AB BC SK 
 1  1  1 
> tapply(AIT$Non.discrimination, AIT$Region, sum, na.rm=T)
AB BC SK 
 2  2  1 
> tapply(AIT, AIT$Region, sum, na.rm=T)
Error in tapply(AIT, AIT$Region, sum, na.rm = T) : 
  arguments must have same length
> tapply(BC, BC$Field, sum, na.rm=T)
Error in tapply(BC, BC$Field, sum, na.rm = T) : 
  arguments must have same length
> tapply(BC, Field, sum, na.rm=T)
Error in tapply(BC, Field, sum, na.rm = T) : object 'Field' not found
> tapply(AIT, Field, sum, na.rm=T)
Error in tapply(AIT, Field, sum, na.rm = T) : object 'Field' not found
> tapply(AIT$Non.discrimination, Region, min, na.rm=T)
Error in tapply(AIT$Non.discrimination, Region, min, na.rm = T) : 
  object 'Region' not found
> tapply(AIT$Non.discrimination, AIT$Region, min, na.rm=T)
AB BC SK 
 1  1  1 
> 
